05:42:22 **** Incremental Build of configuration Debug for project lab1_ex ****
make -j16 all 
arm-none-eabi-gcc -o "lab1_ex.elf" @"objects.list"   -mcpu=cortex-m3 -T"D:\GIT_LAB1_VXL\lab1_ex\STM32F103C6UX_FLASH.ld" --specs=nosys.specs -Wl,-Map="lab1_ex.map" -Wl,--gc-sections -static --specs=nano.specs -mfloat-abi=soft -mthumb -Wl,--start-group -lc -lm -Wl,--end-group
Finished building target: lab1_ex.elf
 
arm-none-eabi-size   lab1_ex.elf 
arm-none-eabi-objdump -h -S  lab1_ex.elf  > "lab1_ex.list"
arm-none-eabi-objcopy  -O ihex  lab1_ex.elf  "lab1_ex.hex"
   text	   data	    bss	    dec	    hex	filename
   4584	     20	   1572	   6176	   1820	lab1_ex.elf
arm-none-eabi-objcopy  -O binary  lab1_ex.elf  "lab1_ex.bin"
Finished building: default.size.stdout
 
Finished building: lab1_ex.bin
Finished building: lab1_ex.hex
 
 
Finished building: lab1_ex.list
 

05:42:23 Build Finished. 0 errors, 0 warnings. (took 1s.292ms)

